Release 14.7 Map P.20131013 (nt64)
Xilinx Mapping Report File for Design 'music_system_top'

Design Information
------------------
Command Line   : map -intstyle ise -p xc3s50an-tqg144-5 -cm area -ir off -pr off
-c 100 -o music_system_top_map.ncd music_system_top.ngd music_system_top.pcf 
Target Device  : xc3s50an
Target Package : tqg144
Target Speed   : -5
Mapper Version : spartan3a -- $Revision: 1.55 $
Mapped Date    : Mon Nov 10 09:47:16 2025

Design Summary
--------------
Number of errors:      0
Number of warnings:    4
Logic Utilization:
  Number of Slice Flip Flops:           102 out of   1,408    7%
  Number of 4 input LUTs:               472 out of   1,408   33%
Logic Distribution:
  Number of occupied Slices:            269 out of     704   38%
    Number of Slices containing only related logic:     269 out of     269 100%
    Number of Slices containing unrelated logic:          0 out of     269   0%
      *See NOTES below for an explanation of the effects of unrelated logic.
  Total Number of 4 input LUTs:         487 out of   1,408   34%
    Number used as logic:               469
    Number used as a route-thru:         15
    Number used as Shift registers:       3

  The Slice Logic Distribution report is not meaningful if the design is
  over-mapped for a non-slice resource or if Placement fails.

  Number of bonded IOBs:                 12 out of     108   11%
  Number of BUFGMUXs:                     3 out of      24   12%

Average Fanout of Non-Clock Nets:                4.25

Peak Memory Usage:  336 MB
Total REAL time to MAP completion:  3 secs 
Total CPU time to MAP completion:   3 secs 

NOTES:

   Related logic is defined as being logic that shares connectivity - e.g. two
   LUTs are "related" if they share common inputs.  When assembling slices,
   Map gives priority to combine logic that is related.  Doing so results in
   the best timing performance.

   Unrelated logic shares no connectivity.  Map will only begin packing
   unrelated logic into a slice once 99% of the slices are occupied through
   related logic packing.

   Note that once logic distribution reaches the 99% level through related
   logic packing, this does not mean the device is completely utilized.
   Unrelated logic packing will then begin, continuing until all usable LUTs
   and FFs are occupied.  Depending on your timing budget, increased levels of
   unrelated logic packing may adversely affect the overall timing performance
   of your design.

Table of Contents
-----------------
Section 1 - Errors
Section 2 - Warnings
Section 3 - Informational
Section 4 - Removed Logic Summary
Section 5 - Removed Logic
Section 6 - IOB Properties
Section 7 - RPMs
Section 8 - Guide Report
Section 9 - Area Group and Partition Summary
Section 10 - Timing Report
Section 11 - Configuration String Information
Section 12 - Control Set Information
Section 13 - Utilization by Hierarchy

Section 1 - Errors
------------------

Section 2 - Warnings
--------------------
WARNING:Pack:249 - The following adjacent carry multiplexers occupy different
   slice components.  The resulting carry chain will have suboptimal timing.
   	u_music_player/clk_gen_8hz/Mcompar_cnt_cmp_ge0000_cy<8>
   	u_music_player/clk_gen_8hz/Mcount_cnt_cy<0>
WARNING:Pack:266 - The function generator u_music_player/rom/Mrom_data1881_7
   failed to merge with F5 multiplexer u_music_player/rom/Mrom_data1881_6_f5. 
   There is a conflict for the FXMUX.  The design will exhibit suboptimal
   timing.
WARNING:Pack:266 - The function generator u_music_player/rom/Mrom_data1121_124
   failed to merge with F5 multiplexer u_music_player/rom/Mrom_data301_9_f5. 
   There is a conflict for the FXMUX.  The design will exhibit suboptimal
   timing.
WARNING:Pack:266 - The function generator u_music_player/rom/Mrom_data821_6
   failed to merge with F5 multiplexer u_music_player/rom/Mrom_data601_7_f5. 
   There is a conflict for the GYMUX.  The design will exhibit suboptimal
   timing.

Section 3 - Informational
-------------------------
INFO:MapLib:562 - No environment variables are currently set.
INFO:LIT:244 - All of the single ended outputs in this design are using slew
   rate limited output drivers. The delay on speed critical single ended outputs
   can be dramatically reduced by designating them as fast outputs.

Section 4 - Removed Logic Summary
---------------------------------
   1 block(s) removed
   5 block(s) optimized away

Section 5 - Removed Logic
-------------------------
Unused block "matrix_row0_PULLDOWN" (PULLDOWN) removed.

Optimized Block(s):
TYPE 		BLOCK
GND 		XST_GND
VCC 		XST_VCC

To enable printing of redundant blocks removed and signals merged, set the
detailed map report option and rerun map.

Section 6 - IOB Properties
--------------------------

+-------------------------------------------------------------------------------------------------------------------------------------------------------------------------------+
| IOB Name                           | Type             | Direction | IO Standard          | Diff  | Drive    | Slew    | Reg (s)      | Resistor | IBUF/IFD | SUSPEND          |
|                                    |                  |           |                      | Term  | Strength | Rate    |              |          | Delay    |                  |
+-------------------------------------------------------------------------------------------------------------------------------------------------------------------------------+
| clk_1k                             | IBUF             | INPUT     | LVCMOS33             |       |          |         |              |          | 0 / 0    |                  |
| clk_2m                             | IBUF             | INPUT     | LVCMOS33             |       |          |         |              |          | 0 / 0    |                  |
| end_flag                           | IOB              | OUTPUT    | LVCMOS33             |       | 12       | SLOW    |              |          | 0 / 0    | 3STATE           |
| led1                               | IOB              | OUTPUT    | LVCMOS33             |       | 12       | SLOW    |              |          | 0 / 0    | 3STATE           |
| led2                               | IOB              | OUTPUT    | LVCMOS33             |       | 12       | SLOW    |              |          | 0 / 0    | 3STATE           |
| led3                               | IOB              | OUTPUT    | LVCMOS33             |       | 12       | SLOW    |              |          | 0 / 0    | 3STATE           |
| matrix_col0                        | IBUF             | INPUT     | LVCMOS33             |       |          |         |              | PULLUP   | 0 / 0    |                  |
| matrix_col1                        | IBUF             | INPUT     | LVCMOS33             |       |          |         |              | PULLUP   | 0 / 0    |                  |
| matrix_col2                        | IBUF             | INPUT     | LVCMOS33             |       |          |         |              | PULLUP   | 0 / 0    |                  |
| matrix_row0                        | IOB              | OUTPUT    | LVCMOS33             |       | 12       | SLOW    |              |          | 0 / 0    | 3STATE           |
| music_on                           | IBUF             | INPUT     | LVCMOS33             |       |          |         |              |          | 0 / 0    |                  |
| speaker                            | IOB              | OUTPUT    | LVCMOS33             |       | 12       | SLOW    |              |          | 0 / 0    | 3STATE           |
+-------------------------------------------------------------------------------------------------------------------------------------------------------------------------------+

Section 7 - RPMs
----------------

Section 8 - Guide Report
------------------------
Guide not run on this design.

Section 9 - Area Group and Partition Summary
--------------------------------------------

Partition Implementation Status
-------------------------------

  No Partitions were found in this design.

-------------------------------

Area Group Information
----------------------

  No area groups were found in this design.

----------------------

Section 10 - Timing Report
--------------------------
This design was not run using timing mode.

Section 11 - Configuration String Details
-----------------------------------------
Use the "-detail" map option to print out Configuration Strings

Section 12 - Control Set Information
------------------------------------
No control set information for this architecture.

Section 13 - Utilization by Hierarchy
-------------------------------------
Use the "-detail" map option to print out the Utilization by Hierarchy section.
