
****** PlanAhead v14.7
  **** Build 321239 by xbuild on Fri Sep 27 19:31:35 MDT 2013
    ** Copyright 1986-1999, 2001-2013 Xilinx, Inc. All Rights Reserved.

INFO: [Common 17-78] Attempting to get a license: PlanAhead
INFO: [Common 17-290] Got license for PlanAhead
INFO: [Common 17-86] Your PlanAhead license expires in -278 day(s)
INFO: [Device 21-36] Loading parts and site information from C:/Xilinx/14.7/ISE_DS/PlanAhead/data/parts/arch.xml
Parsing RTL primitives file [C:/Xilinx/14.7/ISE_DS/PlanAhead/data/parts/xilinx/rtl/prims/rtl_prims.xml]
Finished parsing RTL primitives file [C:/Xilinx/14.7/ISE_DS/PlanAhead/data/parts/xilinx/rtl/prims/rtl_prims.xml]
start_gui
source C:/projects/B23020317/pa.fromNetlist.tcl
# create_project -name B23020317 -dir "C:/projects/B23020317/planAhead_run_4" -part xc3s50antqg144-5
create_project: Time (s): elapsed = 00:00:07 . Memory (MB): peak = 524.570 ; gain = 17.313
# set_property design_mode GateLvl [get_property srcset [current_run -impl]]
# set_property edif_top_file "C:/projects/B23020317/music_system_top.ngc" [ get_property srcset [ current_run ] ]
# add_files -norecurse { {C:/projects/B23020317} }
# set_param project.pinAheadLayout  yes
# set_property target_constrs_file "music_system_top.ucf" [current_fileset -constrset]
Adding file 'C:/projects/B23020317/music_system_top.ucf' to fileset 'constrs_1'
# add_files [list {music_system_top.ucf}] -fileset [get_property constrset [current_run]]
# link_design
Design is defaulting to srcset: sources_1
Design is defaulting to constrset: constrs_1
Design is defaulting to project part: xc3s50antqg144-5
Release 14.7 - ngc2edif P.20131013 (nt)
Copyright (c) 1995-2013 Xilinx, Inc.  All rights reserved.

Release 14.7 - ngc2edif P.20131013 (nt)
Copyright (c) 1995-2013 Xilinx, Inc.  All rights reserved.
Reading design music_system_top.ngc ...
WARNING:NetListWriters:298 - No output is written to music_system_top.xncf,
   ignored.
Processing design ...
   Preping design's networks ...
   Preping design's macros ...
  finished :Prep
Writing EDIF netlist file music_system_top.edif ...
ngc2edif: Total memory usage is 118988 kilobytes

Parsing EDIF File [./planAhead_run_4/B23020317.data/cache/music_system_top_ngc_zx.edif]
Finished Parsing EDIF File [./planAhead_run_4/B23020317.data/cache/music_system_top_ngc_zx.edif]
INFO: [Designutils 20-910] Reading macro library C:/Xilinx/14.7/ISE_DS/PlanAhead/data\./parts/xilinx/spartan3a/hd_int_macros.edn
Parsing EDIF File [C:/Xilinx/14.7/ISE_DS/PlanAhead/data\./parts/xilinx/spartan3a/hd_int_macros.edn]
Finished Parsing EDIF File [C:/Xilinx/14.7/ISE_DS/PlanAhead/data\./parts/xilinx/spartan3a/hd_int_macros.edn]
Loading clock regions from C:/Xilinx/14.7/ISE_DS/PlanAhead/data\parts/xilinx/spartan3a/spartan3a/xc3s50an/ClockRegion.xml
Loading clock buffers from C:/Xilinx/14.7/ISE_DS/PlanAhead/data\parts/xilinx/spartan3a/spartan3a/xc3s50an/ClockBuffers.xml
Loading package from C:/Xilinx/14.7/ISE_DS/PlanAhead/data\parts/xilinx/spartan3a/spartan3a/xc3s50an/tqg144/Package.xml
Loading io standards from C:/Xilinx/14.7/ISE_DS/PlanAhead/data\./parts/xilinx/spartan3a/IOStandards.xml
INFO: [Device 21-19] Loading pkg sso from C:/Xilinx/14.7/ISE_DS/PlanAhead/data\parts/xilinx/spartan3a/spartan3a/xc3s50an/tqg144/SSORules.xml
Loading list of drcs for the architecture : C:/Xilinx/14.7/ISE_DS/PlanAhead/data\./parts/xilinx/spartan3a/drc.xml
INFO: [Timing 38-77] Reading timing library C:/Xilinx/14.7/ISE_DS/PlanAhead/data\parts/xilinx/spartan3a/spartan3a/spartan3a-5.lib.
INFO: [Timing 38-34] Done reading timing library C:/Xilinx/14.7/ISE_DS/PlanAhead/data\parts/xilinx/spartan3a/spartan3a/spartan3a-5.lib.
Parsing UCF File [C:/projects/B23020317/music_system_top.ucf]
Finished Parsing UCF File [C:/projects/B23020317/music_system_top.ucf]
INFO: [Project 1-111] Unisim Transformation Summary:
No Unisim elements were transformed.

Phase 0 | Netlist Checksum: 11e445df
link_design: Time (s): elapsed = 00:00:36 . Memory (MB): peak = 661.754 ; gain = 121.332
set_property iostandard LVCMOS33 [get_ports [list clk_1k]]
startgroup
set_property package_pin P111 [get_ports clk_1k]
endgroup
set_property is_loc_fixed false [get_ports [list  clk_1k]]
set_property is_loc_fixed true [get_ports [list  clk_1k]]
set_property package_pin "" [get_ports [list  clk_535k]]
startgroup
set_property package_pin P125 [get_ports clk_535k]
endgroup
set_property is_loc_fixed false [get_ports [list  clk_535k]]
set_property iostandard LVCMOS33 [get_ports [list clk_535k]]
set_property is_loc_fixed true [get_ports [list  clk_535k]]
startgroup
set_property package_pin P10 [get_ports end_flag]
endgroup
set_property iostandard LVCMOS33 [get_ports [list end_flag]]
set_property package_pin "" [get_ports [list  led1]]
set_property iostandard LVCMOS25 [get_ports [list led1]]
startgroup
set_property package_pin P12 [get_ports led1]
endgroup
set_property is_loc_fixed false [get_ports [list  led1]]
set_property iostandard LVCMOS33 [get_ports [list led1]]
set_property is_loc_fixed true [get_ports [list  led1]]
startgroup
set_property package_pin P13 [get_ports led2]
endgroup
set_property iostandard LVCMOS33 [get_ports [list led2]]
startgroup
set_property package_pin P15 [get_ports led3]
endgroup
set_property iostandard LVCMOS33 [get_ports [list led3]]
startgroup
set_property package_pin P139 [get_ports matrix_col0]
endgroup
set_property iostandard LVCMOS33 [get_ports [list matrix_col0]]
set_property pulltype PULLUP [get_ports [list matrix_col0]]
startgroup
set_property package_pin P135 [get_ports matrix_col1]
endgroup
set_property is_loc_fixed false [get_ports [list  matrix_col1]]
set_property iostandard LVCMOS33 [get_ports [list matrix_col1]]
set_property pulltype PULLUP [get_ports [list matrix_col1]]
set_property is_loc_fixed true [get_ports [list  matrix_col1]]
startgroup
set_property package_pin P138 [get_ports matrix_row0]
endgroup
set_property iostandard LVCMOS33 [get_ports [list matrix_row0]]
set_property pulltype PULLDOWN [get_ports [list matrix_row0]]
startgroup
set_property package_pin P3 [get_ports speaker]
endgroup
set_property iostandard LVCMOS33 [get_ports [list speaker]]
save_constraints
exit
ERROR: [Common 17-39] 'stop_gui' failed due to earlier errors.
INFO: [Common 17-206] Exiting PlanAhead at Wed Nov 05 20:47:15 2025...
INFO: [Common 17-83] Releasing license: PlanAhead
