MO music_system_top NULL music_system_top.v vlg67/music__system__top.bin 1762399001
MO clk_div_8hz NULL clk_div_8hz.v vlg59/clk__div__8hz.bin 1762399001
MO addr_control NULL addr_control.v vlg3B/addr__control.bin 1762399001
MO song_selector NULL song_selector.v vlg53/song__selector.bin 1762399001
MO music_rom NULL music_rom.v vlg76/music__rom.bin 1762399001
MO octave_divider NULL octave_divider.v vlg3C/octave__divider.bin 1762399001
MO music_player NULL music_player.v vlg41/music__player.bin 1762399001
MO scale_divider NULL scale_divider.v vlg12/scale__divider.bin 1762399001
MO matrix_key_control NULL matrix_key_control.v vlg19/matrix__key__control.bin 1762399001
